[20:31:09.918] Log Level: 2
[20:31:09.930] SSH Resolver called for "ssh-remote+cory", attempt 1
[20:31:09.942] remote.SSH.useLocalServer = false
[20:31:09.942] remote.SSH.useExecServer = true
[20:31:09.943] remote.SSH.bindHost = {}
[20:31:09.944] remote.SSH.showLoginTerminal = false
[20:31:09.944] remote.SSH.remotePlatform = {"cory":"linux","cedar":"linux"}
[20:31:09.945] remote.SSH.path = 
[20:31:09.946] remote.SSH.configFile = 
[20:31:09.946] remote.SSH.useFlock = true
[20:31:09.947] remote.SSH.lockfilesInTmp = false
[20:31:09.947] remote.SSH.localServerDownload = auto
[20:31:09.948] remote.SSH.remoteServerListenOnSocket = false
[20:31:09.949] remote.SSH.defaultExtensions = []
[20:31:09.949] remote.SSH.defaultExtensionsIfInstalledLocally = []
[20:31:09.950] remote.SSH.loglevel = 2
[20:31:09.951] remote.SSH.enableDynamicForwarding = true
[20:31:09.951] remote.SSH.enableRemoteCommand = false
[20:31:09.952] remote.SSH.serverPickPortsFromRange = {}
[20:31:09.952] remote.SSH.serverInstallPath = {}
[20:31:09.953] remote.SSH.permitPtyAllocation = false
[20:31:09.954] remote.SSH.preferredLocalPortRange = undefined
[20:31:09.954] remote.SSH.useCurlAndWgetConfigurationFiles = false
[20:31:09.955] remote.SSH.experimental.chat = true
[20:31:09.955] remote.SSH.experimental.enhancedSessionLogs = true
[20:31:09.956] remote.SSH.httpProxy = {"*":""}
[20:31:09.956] remote.SSH.httpsProxy = {"*":""}
[20:31:09.964] VS Code version: 1.136.1
[20:31:09.965] Remote-SSH version: remote-ssh@0.128.0
[20:31:09.966] win32 x64
[20:31:09.969] SSH Resolver called for host: cory
[20:31:09.969] Setting up SSH remote "cory"
[20:31:09.978] Using commit id "a44adf7f53e00964ab890f9f8758a334f1fc15bc" and quality "stable" for server
[20:31:09.979] Extensions to install: 
[20:31:09.991] Install and start server if needed
[20:31:09.997] Checking ssh with "C:\Program Files\Microsoft\jdk-17.0.17.10-hotspot\bin\ssh.exe -V"
[20:31:09.999] Got error from ssh: spawn C:\Program Files\Microsoft\jdk-17.0.17.10-hotspot\bin\ssh.exe ENOENT
[20:31:09.999] Checking ssh with "C:\Python314\Scripts\ssh.exe -V"
[20:31:10.000] Got error from ssh: spawn C:\Python314\Scripts\ssh.exe ENOENT
[20:31:10.001] Checking ssh with "C:\Python314\ssh.exe -V"
[20:31:10.002] Got error from ssh: spawn C:\Python314\ssh.exe ENOENT
[20:31:10.003] Checking ssh with "C:\Program Files\Common Files\Oracle\Java\javapath\ssh.exe -V"
[20:31:10.004] Got error from ssh: spawn C:\Program Files\Common Files\Oracle\Java\javapath\ssh.exe ENOENT
[20:31:10.004] Checking ssh with "C:\WINDOWS\system32\ssh.exe -V"
[20:31:10.005] Got error from ssh: spawn C:\WINDOWS\system32\ssh.exe ENOENT
[20:31:10.006] Checking ssh with "C:\WINDOWS\ssh.exe -V"
[20:31:10.007] Got error from ssh: spawn C:\WINDOWS\ssh.exe ENOENT
[20:31:10.008] Checking ssh with "C:\WINDOWS\System32\Wbem\ssh.exe -V"
[20:31:10.009] Got error from ssh: spawn C:\WINDOWS\System32\Wbem\ssh.exe ENOENT
[20:31:10.009] Checking ssh with "C:\WINDOWS\System32\WindowsPowerShell\v1.0\ssh.exe -V"
[20:31:10.010] Got error from ssh: spawn C:\WINDOWS\System32\WindowsPowerShell\v1.0\ssh.exe ENOENT
[20:31:10.011] Checking ssh with "C:\WINDOWS\System32\OpenSSH\ssh.exe -V"
[20:31:10.036] > OpenSSH_for_Windows_9.5p2, LibreSSL 3.8.2

[20:31:10.040] Running script with connection command: "C:\WINDOWS\System32\OpenSSH\ssh.exe" -T -D 52941 cory sh
[20:31:10.042] Generated SSH command: 'type "C:\Users\kenne\AppData\Local\Temp\vscode-linux-multi-line-command-cory-591193525.sh" | "C:\WINDOWS\System32\OpenSSH\ssh.exe" -T -D 52941 cory sh'
[20:31:10.042] Using connect timeout of 17 seconds
[20:31:10.044] Terminal shell path: C:\WINDOWS\System32\cmd.exe
[20:31:10.490] > 
[20:31:10.491] Got some output, clearing connection timeout
[20:31:10.499] > 
[20:31:11.398] > Enter passphrase for key 'C:\Users\kenne/.ssh/id_rsa': 
[20:31:11.399] Detected passphrase message
[20:31:13.053] Got passphrase response
[20:31:13.054] "install" wrote data to terminal: ""
[20:31:13.076] > 
[20:31:30.575] > 54766953194a: running
> Script executing under PID: 1802462
[20:31:30.590] > Found existing installation at /home/cc/cs164/fa26/class/cs164-act/.vscode-server...
> Starting VS Code CLI...
> Removing old logfile at /home/cc/cs164/fa26/class/cs164-act/.vscode-server/.cli.a44adf7f53e00964ab890f9f8758a334f1fc15bc.log
[20:31:31.030] > Spawned remote CLI: 1802588
[20:31:31.585] > Waiting for server log...
[20:31:32.005] > Waiting for server log...
[20:31:32.778] > 54766953194a: start
> listeningOn==127.0.0.1:34067==
> osReleaseId==ubuntu==
> arch==x86_64==
> vscodeArch==x64==
> bitness==64==
> tmpDir==/run/user/92373==
> platform==linux==
> unpackResult====
> didLocalDownload==0==
> downloadTime====
> installTime====
> serverStartTime==2184==
> execServerToken==1111111a-11a1-111a-a11a-111aaaa1a1aa==
> platformDownloadPath==cli-alpine-x64==
> SSH_AUTH_SOCK====
> DISPLAY====
> 54766953194a: end
[20:31:32.779] Received install output: 
listeningOn==127.0.0.1:34067==
osReleaseId==ubuntu==
arch==x86_64==
vscodeArch==x64==
bitness==64==
tmpDir==/run/user/92373==
platform==linux==
unpackResult====
didLocalDownload==0==
downloadTime====
installTime====
serverStartTime==2184==
execServerToken==1111111a-11a1-111a-a11a-111aaaa1a1aa==
platformDownloadPath==cli-alpine-x64==
SSH_AUTH_SOCK====
DISPLAY====

[20:31:32.780] Remote server is listening on port 34067
[20:31:32.781] Parsed server configuration: {"serverConfiguration":{"remoteListeningOn":{"port":34067},"osReleaseId":"ubuntu","arch":"x86_64","sshAuthSock":"","display":"","tmpDir":"/run/user/92373","platform":"linux","execServerToken":"1111111a-11a1-111a-a11a-111aaaa1a1aa"},"serverStartTime":2184,"installUnpackCode":""}
[20:31:32.784] Starting forwarding server. local port 53465 -> socksPort 52941 -> remotePort 34067
[20:31:32.785] Forwarding server listening on port 53465
[20:31:32.785] Waiting for ssh tunnel to be ready
[20:31:32.787] [Forwarding server port 53465] Got connection 0
[20:31:32.788] Tunneled port 34067 to local port 53465
[20:31:32.788] Resolved "ssh-remote+cory" to "port 53465"
[20:31:32.792] Initizing new exec server for ssh-remote+cory
[20:31:32.793] Resolving exec server at port 53465
[20:31:32.795] [Forwarding server port 53465] Got connection 1
[20:31:32.885] Exec server for ssh-remote+cory created and cached
[20:31:32.885] Extensions to install: 
[20:31:32.893] ------




[20:31:32.895] No hints found in the recent session.
[20:31:38.952] [server] Checking /home/cc/cs164/fa26/class/cs164-act/.vscode-server/cli/servers/Stable-a44adf7f53e00964ab890f9f8758a334f1fc15bc/log.txt and /home/cc/cs164/fa26/class/cs164-act/.vscode-server/cli/servers/Stable-a44adf7f53e00964ab890f9f8758a334f1fc15bc/pid.txt for a running server...
[20:31:39.560] [server] Installing and setting up Visual Studio Code Server...
[20:31:39.562] [server] Server setup complete
[20:31:39.563] [server] Starting server...
[20:31:39.563] [server] Starting server process: "/home/cc/cs164/fa26/class/cs164-act/.vscode-server/cli/servers/Stable-a44adf7f53e00964ab890f9f8758a334f1fc15bc/server/bin/code-server"
[20:31:46.665] [server] *
[20:31:46.666] [server] * Visual Studio Code Server
[20:31:46.667] [server] *
[20:31:46.668] [server] * By using the software, you agree to
[20:31:46.669] [server] * the Visual Studio Code Server License Terms (https://aka.ms/vscode-server-license) and
[20:31:46.669] [server] * the Microsoft Privacy Statement (https://privacy.microsoft.com/en-US/privacystatement).
[20:31:46.670] [server] Server bound to /tmp/code-0868e968-313a-4fd4-b173-7772d50ef78f
[20:31:46.671] [server] Extension host agent listening on /tmp/code-0868e968-313a-4fd4-b173-7772d50ef78f
[20:31:46.671] [server] parsed location: "/tmp/code-0868e968-313a-4fd4-b173-7772d50ef78f"
[20:31:46.672] [server] 
[20:31:46.672] [server] Server started
[20:31:48.088] [server] [20:31:48] 
[20:31:48.128] [server] 
[20:31:48.129] [server] 
[20:31:48.129] [server] 
[20:32:43.104] [server] [reconnection-grace-time] No CLI argument provided, using default: 10800000ms (10800s)
[20:32:43.108] [server] [20:32:43] [AgentHostChannel] Registered IPC channel 'agentHostProxy' (upstream: 127.0.0.1:40559)
[20:32:46.128] [server] [20:32:46] Extension host agent started.
[20:32:54.694] [server] [20:32:55] [<unknown>][f588aaf9][ManagementConnection] New connection established.
[20:32:54.735] [server] [20:32:55] [<unknown>][6cb887e3][ExtensionHostConnection] New connection established.
[20:32:54.736] [server] [20:32:55] [<unknown>][6cb887e3][ExtensionHostConnection] Starting extension host process...
[20:32:58.712] [server] [IPC Library: Pty Host] Uncaught Exception:  Error [ERR_MODULE_NOT_FOUND]: Cannot find package 'minimist' imported from /home/cc/cs164/fa26/class/cs164-act/.vscode-server/cli/servers/Stable-a44adf7f53e00964ab890f9f8758a334f1fc15bc/server/out/vs/platform/terminal/node/ptyHostMain.js
[20:32:58.713] [server]     at Object.getPackageJSONURL (node:internal/modules/package_json_reader:301:9)
[20:32:58.714] [server]     at packageResolve (node:internal/modules/esm/resolve:768:81)
[20:32:58.715] [server]     at moduleResolve (node:internal/modules/esm/resolve:859:18)
[20:32:58.716] [server]     at #cachedDefaultResolve (node:internal/modules/esm/loader:701:20)
[20:32:58.717] [server]     at file:///home/cc/cs164/fa26/class/cs164-act/.vscode-server/cli/servers/Stable-a44adf7f53e00964ab890f9f8758a334f1fc15bc/server/out/bootstrap-fork.js:410:1257
[20:33:04.702] [server] [20:33:05] ExtensionHostConnection#buildUserEnvironment resolving shell environment failed Error: Unable to resolve your shell environment in a reasonable time. Please review your shell configuration and restart.
[20:33:04.704] [server]     at Timeout.<anonymous> (file:///home/cc/cs164/fa26/class/cs164-act/.vscode-server/cli/servers/Stable-a44adf7f53e00964ab890f9f8758a334f1fc15bc/server/out/server-main.js:450:9692)
[20:33:04.705] [server]     at listOnTimeout (node:internal/timers:605:17)
[20:33:04.707] [server]     at process.processTimers (node:internal/timers:541:7)
[20:33:04.708] [server] [20:33:05] resolving shell environment failed Unable to resolve your shell environment in a reasonable time. Please review your shell configuration and restart.
[20:33:04.709] [server] [20:33:05] ptyHost was unable to resolve shell environment Error: Unable to resolve your shell environment in a reasonable time. Please review your shell configuration and restart.
[20:33:04.710] [server]     at Timeout.<anonymous> (file:///home/cc/cs164/fa26/class/cs164-act/.vscode-server/cli/servers/Stable-a44adf7f53e00964ab890f9f8758a334f1fc15bc/server/out/server-main.js:450:9692)
[20:33:04.712] [server]     at listOnTimeout (node:internal/timers:605:17)
[20:33:04.713] [server]     at process.processTimers (node:internal/timers:541:7)
[20:33:04.714] [server] [20:33:05] ptyHost was unable to resolve shell environment Error: Unable to resolve your shell environment in a reasonable time. Please review your shell configuration and restart.
[20:33:04.715] [server] [20:33:05] ptyHost was unable to resolve shell environment Error: Unable to resolve your shell environment in a reasonable time. Please review your shell configuration and restart.
[20:33:04.716] [server]     at process.processTimers (node:internal/timers:541:7)
[20:33:04.717] [server] [20:33:05] ptyHost was unable to resolve shell environment Error: Unable to resolve your shell environment in a reasonable time. Please review your shell configuration and restart.
[20:33:04.718] [server] [20:33:05] ptyHost was unable to resolve shell environment Error: Unable to resolve your shell environment in a reasonable time. Please review your shell configuration and restart.
[20:33:04.719] [server] [20:33:05] ptyHost was unable to resolve shell environment Error: Unable to resolve your shell environment in a reasonable time. Please review your shell configuration and restart.
[20:33:04.720] [server]     at process.processTimers (node:internal/timers:541:7)
[20:33:04.721] [server] [20:33:05] ptyHost was unable to resolve shell environment Error: Unable to resolve your shell environment in a reasonable time. Please review your shell configuration and restart.
[20:33:04.722] [server] [20:33:05] ptyHost was unable to resolve shell environment Error: Unable to resolve your shell environment in a reasonable time. Please review your shell configuration and restart.
[20:33:04.722] [server]     at Timeout.<anonymous> (file:///home/cc/cs164/fa26/class/cs164-act/.vscode-server/cli/servers/Stable-a44adf7f53e00964ab890f9f8758a334f1fc15bc/server/out/server-main.js:450:9692)
[20:33:04.723] [server]     at process.processTimers (node:internal/timers:541:7)
[20:33:04.726] [server] [20:33:05] ptyHost was unable to resolve shell environment Error: Unable to resolve your shell environment in a reasonable time. Please review your shell configuration and restart.
[20:33:04.727] [server]     at Timeout.<anonymous> (file:///home/cc/cs164/fa26/class/cs164-act/.vscode-server/cli/servers/Stable-a44adf7f53e00964ab890f9f8758a334f1fc15bc/server/out/server-main.js:450:9692)
[20:33:04.728] [server]     at listOnTimeout (node:internal/timers:605:17)
[20:33:04.729] [server]     at process.processTimers (node:internal/timers:541:7)
[20:33:04.730] [server] [20:33:05] ExtensionHostConnection#buildUserEnvironment resolving shell environment failed Error: Unable to resolve your shell environment in a reasonable time. Please review your shell configuration and restart.
[20:33:04.731] [server] [20:33:05] ExtensionHostConnection#buildUserEnvironment resolving shell environment failed Error: Unable to resolve your shell environment in a reasonable time. Please review your shell configuration and restart.
[20:33:04.732] [server]     at Timeout.<anonymous> (file:///home/cc/cs164/fa26/class/cs164-act/.vscode-server/cli/servers/Stable-a44adf7f53e00964ab890f9f8758a334f1fc15bc/server/out/server-main.js:450:9692)
[20:33:04.733] [server]     at listOnTimeout (node:internal/timers:605:17)
[20:33:04.734] [server] [20:33:05] ExtensionHostConnection#buildUserEnvironment resolving shell environment failed Error: Unable to resolve your shell environment in a reasonable time. Please review your shell configuration and restart.
[20:33:04.734] [server]     at Timeout.<anonymous> (file:///home/cc/cs164/fa26/class/cs164-act/.vscode-server/cli/servers/Stable-a44adf7f53e00964ab890f9f8758a334f1fc15bc/server/out/server-main.js:450:9692)
[20:33:04.735] [server]     at listOnTimeout (node:internal/timers:605:17)
[20:33:04.736] [server]     at process.processTimers (node:internal/timers:541:7)
[20:33:04.737] [server] [20:33:05] ExtensionHostConnection#buildUserEnvironment resolving shell environment failed Error: Unable to resolve your shell environment in a reasonable time. Please review your shell configuration and restart.
[20:33:04.738] [server]     at Timeout.<anonymous> (file:///home/cc/cs164/fa26/class/cs164-act/.vscode-server/cli/servers/Stable-a44adf7f53e00964ab890f9f8758a334f1fc15bc/server/out/server-main.js:450:9692)
[20:33:04.739] [server]     at listOnTimeout (node:internal/timers:605:17)
[20:33:04.740] [server]     at process.processTimers (node:internal/timers:541:7)
[20:33:05.529] [server] [20:33:06] [<unknown>][6cb887e3][ExtensionHostConnection] <1803235> Launched Extension Host Process.
[20:33:05.563] [server] (node:1802703) [DEP0169] DeprecationWarning: `url.parse()` behavior is not standardized and prone to errors that have security implications. Use the WHATWG URL API instead. CVEs are not issued for `url.parse()` vulnerabilities.
[20:33:05.564] [server] (Use `node --trace-deprecation ...` to show where the warning was created)
[20:33:05.565] [server] [20:33:06] ptyHost was unable to resolve shell environment Error: Unable to resolve your shell environment in a reasonable time. Please review your shell configuration and restart.
[20:33:05.566] [server]     at Timeout.<anonymous> (file:///home/cc/cs164/fa26/class/cs164-act/.vscode-server/cli/servers/Stable-a44adf7f53e00964ab890f9f8758a334f1fc15bc/server/out/server-main.js:450:9692)
[20:33:05.568] [server]     at listOnTimeout (node:internal/timers:605:17)
[20:33:05.569] [server]     at process.processTimers (node:internal/timers:541:7)
[20:33:08.824] [server] [20:33:09] ptyHost was unable to resolve shell environment Error: Unable to resolve your shell environment in a reasonable time. Please review your shell configuration and restart.
[20:33:08.825] [server]     at Timeout.<anonymous> (file:///home/cc/cs164/fa26/class/cs164-act/.vscode-server/cli/servers/Stable-a44adf7f53e00964ab890f9f8758a334f1fc15bc/server/out/server-main.js:450:9692)
[20:33:08.826] [server]     at listOnTimeout (node:internal/timers:605:17)
[20:33:08.827] [server]     at process.processTimers (node:internal/timers:541:7)
[20:33:09.619] [server] [20:33:10] [<unknown>][6cb887e3][ExtensionHostConnection] <1803235><stderr> node:internal/modules/package_json_reader:301
[20:33:09.620] [server]   throw new ERR_MODULE_NOT_FOUND(packageName, fileURLToPath(base), null);
[20:33:09.621] [server]         ^
[20:33:09.622] [server] 
[20:33:09.623] [server] Error [ERR_MODULE_NOT_FOUND]: Cannot find package 'minimist' imported from /home/cc/cs164/fa26/class/cs164-act/.vscode-server/cli/servers/Stable-a44adf7f53e00964ab890f9f8758a334f1fc15bc/server/out/vs/workbench/api/node/extensionHostProcess.js
[20:33:09.624] [server]     at ModuleLoader.getOrCreateModuleJob (node:internal/modules/esm/loader:603:35)
[20:33:09.625] [server]     at ModuleLoader.import (node:internal/modules/esm/loader:628:21)
[20:33:09.626] [server] Node.js v24.18.1
[20:33:09.637] [server] [20:33:10] [<unknown>][6cb887e3][ExtensionHostConnection] <1803235> Extension Host Process exited with code: 1, signal: null.
[20:33:10.537] [server] [20:33:11] No ptyHost response to createProcess after 5 seconds
[20:33:10.538] [server] [20:33:11] No ptyHost response to createProcess after 5 seconds
[20:33:10.540] [server] [20:33:11] No ptyHost response to createProcess after 5 seconds
[20:33:10.541] [server] [20:33:11] No ptyHost response to createProcess after 5 seconds
[20:33:17.137] [server] [20:33:17] [<unknown>][6cb887e3][ExtensionHostConnection] Unknown reconnection token (seen before).
[20:33:17.255] [server] [20:33:18] [<unknown>][2b079df9][ExtensionHostConnection] New connection established.
[20:33:17.256] [server] [20:33:18] [<unknown>][2b079df9][ExtensionHostConnection] Starting extension host process...
[20:33:17.886] [server] [20:33:18] ExtensionHostConnection#buildUserEnvironment resolving shell environment failed Error: Unable to resolve your shell environment in a reasonable time. Please review your shell configuration and restart.
[20:33:17.888] [server]     at Timeout.<anonymous> (file:///home/cc/cs164/fa26/class/cs164-act/.vscode-server/cli/servers/Stable-a44adf7f53e00964ab890f9f8758a334f1fc15bc/server/out/server-main.js:450:9692)
[20:33:17.890] [server]     at listOnTimeout (node:internal/timers:605:17)
[20:33:17.891] [server]     at process.processTimers (node:internal/timers:541:7)
[20:33:18.382] [server] [20:33:19] [<unknown>][2b079df9][ExtensionHostConnection] <1803294> Launched Extension Host Process.
[20:33:22.045] [server] [20:33:22] [<unknown>][2b079df9][ExtensionHostConnection] <1803294><stderr> node:internal/modules/package_json_reader:301
[20:33:22.083] [server]   throw new ERR_MODULE_NOT_FOUND(packageName, fileURLToPath(base), null);
[20:33:22.084] [server]         ^
[20:33:22.085] [server] 
[20:33:22.087] [server] Error [ERR_MODULE_NOT_FOUND]: Cannot find package 'minimist' imported from /home/cc/cs164/fa26/class/cs164-act/.vscode-server/cli/servers/Stable-a44adf7f53e00964ab890f9f8758a334f1fc15bc/server/out/vs/workbench/api/node/extensionHostProcess.js
[20:33:22.088] [server]     at new ModuleJob (node:internal/modules/esm/module_job:232:26)
[20:33:22.089] [server]     at file:///home/cc/cs164/fa26/class/cs164-act/.vscode-server/cli/servers/Stable-a44adf7f53e00964ab890f9f8758a334f1fc15bc/server/out/bootstrap-fork.js:410:1257 {
[20:33:22.090] [server] [20:33:22] [<unknown>][2b079df9][ExtensionHostConnection] <1803294> Extension Host Process exited with code: 1, signal: null.
